INFO:     Started server process [4024]
INFO:     Waiting for application startup.
INFO:     Application startup complete.
INFO:     Uvicorn running on http://127.0.0.1:8005 (Press CTRL+C to quit)
/Users/orpington/Documents/economy-documentary-work/.venv/lib/python3.12/site-packages/pydantic_deep/agent.py:1050: PydanticAIDeprecationWarning: WebFetch will stop auto-selecting the markdownify-based fetch tool based on package availability in v2. To keep this fallback, pass `local=True`. To disable the fallback, pass `local=False`.
  all_capabilities.append(WebFetch())
/Users/orpington/Documents/economy-documentary-work/.venv/lib/python3.12/site-packages/pydantic_deep/agent.py:1072: PydanticAIDeprecationWarning: `Agent(history_processors=[fn, ...])` is deprecated and will be removed in v2.0. Replace with `Agent(capabilities=[ProcessHistory(fn), ...])`, or hook the `before_model_request` lifecycle event directly via `Hooks(before_model_request=fn)`.
  agent: Agent[DeepAgentDeps, Any] = Agent(
CRITICAL: Generating black video placeholder of duration 30.0s at /tmp/placeholders/V1:1:s1_b1.mp4
CRITICAL: Generating black video placeholder of duration 30.0s at /tmp/placeholders/V1:1:s1_b2.mp4
CRITICAL: Generating black video placeholder of duration 30.0s at /tmp/placeholders/V1:1:s1_b3.mp4
CRITICAL: Generating black video placeholder of duration 30.0s at /tmp/placeholders/V1:1:s1_b4.mp4
CRITICAL: Generating black video placeholder of duration 30.0s at /tmp/placeholders/V1:1:s1_b5.mp4
CRITICAL: Generating black video placeholder of duration 30.0s at /tmp/placeholders/V1:1:s1_b6.mp4
CRITICAL: Generating black video placeholder of duration 30.0s at /tmp/placeholders/V1:2:s2_b1.mp4
CRITICAL: Generating black video placeholder of duration 30.0s at /tmp/placeholders/V1:2:s2_b2.mp4
CRITICAL: Generating black video placeholder of duration 30.0s at /tmp/placeholders/V1:2:s2_b3.mp4
CRITICAL: Generating black video placeholder of duration 30.0s at /tmp/placeholders/V1:2:s2_b4.mp4
CRITICAL: Generating black video placeholder of duration 30.0s at /tmp/placeholders/V1:2:s2_b5.mp4
CRITICAL: Generating black video placeholder of duration 30.0s at /tmp/placeholders/V1:2:s2_b6.mp4
CRITICAL: Generating black video placeholder of duration 30.0s at /tmp/placeholders/V1:3:s3_b1.mp4
CRITICAL: Generating black video placeholder of duration 30.0s at /tmp/placeholders/V1:3:s3_b2.mp4
CRITICAL: Generating black video placeholder of duration 30.0s at /tmp/placeholders/V1:3:s3_b3.mp4
CRITICAL: Generating black video placeholder of duration 30.0s at /tmp/placeholders/V1:3:s3_b4.mp4
CRITICAL: Generating black video placeholder of duration 30.0s at /tmp/placeholders/V1:3:s3_b5.mp4
CRITICAL: Generating black video placeholder of duration 30.0s at /tmp/placeholders/V1:3:s3_b6.mp4
CRITICAL: Generating black video placeholder of duration 30.0s at /tmp/placeholders/V1:4:s4_b1.mp4
CRITICAL: Generating black video placeholder of duration 30.0s at /tmp/placeholders/V1:4:s4_b2.mp4
CRITICAL: Generating black video placeholder of duration 30.0s at /tmp/placeholders/V1:4:s4_b3.mp4
CRITICAL: Generating black video placeholder of duration 30.0s at /tmp/placeholders/V1:4:s4_b4.mp4
CRITICAL: Generating black video placeholder of duration 30.0s at /tmp/placeholders/V1:4:s4_b5.mp4
CRITICAL: Generating black video placeholder of duration 30.0s at /tmp/placeholders/V1:4:s4_b6.mp4
CRITICAL: Generating black video placeholder of duration 30.0s at /tmp/placeholders/V1:5:s5_b1.mp4
CRITICAL: Generating black video placeholder of duration 30.0s at /tmp/placeholders/V1:5:s5_b2.mp4
CRITICAL: Generating black video placeholder of duration 30.0s at /tmp/placeholders/V1:5:s5_b3.mp4
CRITICAL: Generating black video placeholder of duration 30.0s at /tmp/placeholders/V1:5:s5_b4.mp4
CRITICAL: Generating black video placeholder of duration 30.0s at /tmp/placeholders/V1:5:s5_b5.mp4
CRITICAL: Generating black video placeholder of duration 30.0s at /tmp/placeholders/V1:5:s5_b6.mp4
CRITICAL: Generating black video placeholder of duration 30.0s at /tmp/placeholders/V1:6:s6_b1.mp4
CRITICAL: Generating black video placeholder of duration 30.0s at /tmp/placeholders/V1:6:s6_b2.mp4
CRITICAL: Generating black video placeholder of duration 30.0s at /tmp/placeholders/V1:6:s6_b3.mp4
CRITICAL: Generating black video placeholder of duration 30.0s at /tmp/placeholders/V1:6:s6_b4.mp4
CRITICAL: Generating black video placeholder of duration 30.0s at /tmp/placeholders/V1:6:s6_b5.mp4
CRITICAL: Generating black video placeholder of duration 30.0s at /tmp/placeholders/V1:6:s6_b6.mp4
CRITICAL: Generating black video placeholder of duration 30.0s at /tmp/placeholders/V1:7:s7_b1.mp4
CRITICAL: Generating black video placeholder of duration 30.0s at /tmp/placeholders/V1:7:s7_b2.mp4
CRITICAL: Generating black video placeholder of duration 30.0s at /tmp/placeholders/V1:7:s7_b3.mp4
CRITICAL: Generating black video placeholder of duration 30.0s at /tmp/placeholders/V1:7:s7_b4.mp4
CRITICAL: Generating black video placeholder of duration 30.0s at /tmp/placeholders/V1:7:s7_b5.mp4
CRITICAL: Generating black video placeholder of duration 30.0s at /tmp/placeholders/V1:7:s7_b6.mp4
CRITICAL: Generating black video placeholder of duration 30.0s at /tmp/placeholders/V1:8:s8_b1.mp4
CRITICAL: Generating black video placeholder of duration 30.0s at /tmp/placeholders/V1:8:s8_b2.mp4
CRITICAL: Generating black video placeholder of duration 30.0s at /tmp/placeholders/V1:8:s8_b3.mp4
CRITICAL: Generating black video placeholder of duration 30.0s at /tmp/placeholders/V1:8:s8_b4.mp4
CRITICAL: Generating black video placeholder of duration 30.0s at /tmp/placeholders/V1:8:s8_b5.mp4
CRITICAL: Generating black video placeholder of duration 30.0s at /tmp/placeholders/V1:8:s8_b6.mp4
CRITICAL: Generating black video placeholder of duration 30.0s at /tmp/placeholders/V1:9:s9_b1.mp4
CRITICAL: Generating black video placeholder of duration 30.0s at /tmp/placeholders/V1:9:s9_b2.mp4
CRITICAL: Generating black video placeholder of duration 30.0s at /tmp/placeholders/V1:9:s9_b3.mp4
CRITICAL: Generating black video placeholder of duration 30.0s at /tmp/placeholders/V1:9:s9_b4.mp4
CRITICAL: Generating black video placeholder of duration 30.0s at /tmp/placeholders/V1:9:s9_b5.mp4
CRITICAL: Generating black video placeholder of duration 30.0s at /tmp/placeholders/V1:9:s9_b6.mp4
CRITICAL: Generating black video placeholder of duration 30.0s at /tmp/placeholders/V1:10:s10_b1.mp4
CRITICAL: Generating black video placeholder of duration 30.0s at /tmp/placeholders/V1:10:s10_b2.mp4
CRITICAL: Generating black video placeholder of duration 30.0s at /tmp/placeholders/V1:10:s10_b3.mp4
CRITICAL: Generating black video placeholder of duration 30.0s at /tmp/placeholders/V1:10:s10_b4.mp4
CRITICAL: Generating black video placeholder of duration 30.0s at /tmp/placeholders/V1:10:s10_b5.mp4
CRITICAL: Generating black video placeholder of duration 30.0s at /tmp/placeholders/V1:10:s10_b6.mp4
CRITICAL: Generating black video placeholder of duration 30.0s at /tmp/placeholders/V1:11:s11_b1.mp4
CRITICAL: Generating black video placeholder of duration 30.0s at /tmp/placeholders/V1:11:s11_b2.mp4
CRITICAL: Generating black video placeholder of duration 30.0s at /tmp/placeholders/V1:11:s11_b3.mp4
CRITICAL: Generating black video placeholder of duration 30.0s at /tmp/placeholders/V1:11:s11_b4.mp4
CRITICAL: Generating black video placeholder of duration 30.0s at /tmp/placeholders/V1:11:s11_b5.mp4
CRITICAL: Generating black video placeholder of duration 30.0s at /tmp/placeholders/V1:11:s11_b6.mp4
CRITICAL: Generating black video placeholder of duration 30.0s at /tmp/placeholders/V1:12:s12_b1.mp4
CRITICAL: Generating black video placeholder of duration 30.0s at /tmp/placeholders/V1:12:s12_b2.mp4
CRITICAL: Generating black video placeholder of duration 30.0s at /tmp/placeholders/V1:12:s12_b3.mp4
CRITICAL: Generating black video placeholder of duration 30.0s at /tmp/placeholders/V1:12:s12_b4.mp4
CRITICAL: Generating black video placeholder of duration 30.0s at /tmp/placeholders/V1:12:s12_b5.mp4
CRITICAL: Generating black video placeholder of duration 30.0s at /tmp/placeholders/V1:12:s12_b6.mp4
CRITICAL: Generating black video placeholder of duration 30.0s at /tmp/placeholders/V1:13:s13_b1.mp4
CRITICAL: Generating black video placeholder of duration 30.0s at /tmp/placeholders/V1:13:s13_b2.mp4
CRITICAL: Generating black video placeholder of duration 30.0s at /tmp/placeholders/V1:13:s13_b3.mp4
CRITICAL: Generating black video placeholder of duration 30.0s at /tmp/placeholders/V1:13:s13_b4.mp4
CRITICAL: Generating black video placeholder of duration 30.0s at /tmp/placeholders/V1:13:s13_b5.mp4
CRITICAL: Generating black video placeholder of duration 30.0s at /tmp/placeholders/V1:13:s13_b6.mp4
CRITICAL: Generating black video placeholder of duration 30.0s at /tmp/placeholders/V1:14:s14_b1.mp4
CRITICAL: Generating black video placeholder of duration 30.0s at /tmp/placeholders/V1:14:s14_b2.mp4
CRITICAL: Generating black video placeholder of duration 30.0s at /tmp/placeholders/V1:14:s14_b3.mp4
CRITICAL: Generating black video placeholder of duration 30.0s at /tmp/placeholders/V1:14:s14_b4.mp4
CRITICAL: Generating black video placeholder of duration 30.0s at /tmp/placeholders/V1:14:s14_b5.mp4
CRITICAL: Generating black video placeholder of duration 30.0s at /tmp/placeholders/V1:14:s14_b6.mp4
CRITICAL: Generating black video placeholder of duration 30.0s at /tmp/placeholders/V1:15:s15_b1.mp4
CRITICAL: Generating black video placeholder of duration 30.0s at /tmp/placeholders/V1:15:s15_b2.mp4
CRITICAL: Generating black video placeholder of duration 30.0s at /tmp/placeholders/V1:15:s15_b3.mp4
CRITICAL: Generating black video placeholder of duration 30.0s at /tmp/placeholders/V1:15:s15_b4.mp4
CRITICAL: Generating black video placeholder of duration 30.0s at /tmp/placeholders/V1:15:s15_b5.mp4
CRITICAL: Generating black video placeholder of duration 30.0s at /tmp/placeholders/V1:15:s15_b6.mp4
CRITICAL: Generating black video placeholder of duration 30.0s at /tmp/placeholders/V1:16:s16_b1.mp4
CRITICAL: Generating black video placeholder of duration 30.0s at /tmp/placeholders/V1:16:s16_b2.mp4
CRITICAL: Generating black video placeholder of duration 30.0s at /tmp/placeholders/V1:16:s16_b3.mp4
CRITICAL: Generating black video placeholder of duration 30.0s at /tmp/placeholders/V1:16:s16_b4.mp4
CRITICAL: Generating black video placeholder of duration 30.0s at /tmp/placeholders/V1:16:s16_b5.mp4
CRITICAL: Generating black video placeholder of duration 30.0s at /tmp/placeholders/V1:16:s16_b6.mp4
CRITICAL: Generating black video placeholder of duration 30.0s at /tmp/placeholders/V1:17:s17_b1.mp4
CRITICAL: Generating black video placeholder of duration 30.0s at /tmp/placeholders/V1:17:s17_b2.mp4
CRITICAL: Generating black video placeholder of duration 30.0s at /tmp/placeholders/V1:17:s17_b3.mp4
CRITICAL: Generating black video placeholder of duration 30.0s at /tmp/placeholders/V1:17:s17_b4.mp4
CRITICAL: Generating black video placeholder of duration 30.0s at /tmp/placeholders/V1:17:s17_b5.mp4
CRITICAL: Generating black video placeholder of duration 30.0s at /tmp/placeholders/V1:17:s17_b6.mp4
CRITICAL: Generating black video placeholder of duration 30.0s at /tmp/placeholders/V1:18:s18_b1.mp4
CRITICAL: Generating black video placeholder of duration 30.0s at /tmp/placeholders/V1:18:s18_b2.mp4
CRITICAL: Generating black video placeholder of duration 30.0s at /tmp/placeholders/V1:18:s18_b3.mp4
CRITICAL: Generating black video placeholder of duration 30.0s at /tmp/placeholders/V1:18:s18_b4.mp4
CRITICAL: Generating black video placeholder of duration 30.0s at /tmp/placeholders/V1:18:s18_b5.mp4
CRITICAL: Generating black video placeholder of duration 30.0s at /tmp/placeholders/V1:18:s18_b6.mp4
CRITICAL: Generating black video placeholder of duration 30.0s at /tmp/placeholders/V1:19:s19_b1.mp4
CRITICAL: Generating black video placeholder of duration 30.0s at /tmp/placeholders/V1:19:s19_b2.mp4
CRITICAL: Generating black video placeholder of duration 30.0s at /tmp/placeholders/V1:19:s19_b3.mp4
CRITICAL: Generating black video placeholder of duration 30.0s at /tmp/placeholders/V1:19:s19_b4.mp4
CRITICAL: Generating black video placeholder of duration 30.0s at /tmp/placeholders/V1:19:s19_b5.mp4
CRITICAL: Generating black video placeholder of duration 30.0s at /tmp/placeholders/V1:19:s19_b6.mp4
CRITICAL: Generating black video placeholder of duration 30.0s at /tmp/placeholders/V1:20:s20_b1.mp4
CRITICAL: Generating black video placeholder of duration 30.0s at /tmp/placeholders/V1:20:s20_b2.mp4
CRITICAL: Generating black video placeholder of duration 30.0s at /tmp/placeholders/V1:20:s20_b3.mp4
CRITICAL: Generating black video placeholder of duration 30.0s at /tmp/placeholders/V1:20:s20_b4.mp4
CRITICAL: Generating black video placeholder of duration 30.0s at /tmp/placeholders/V1:20:s20_b5.mp4
CRITICAL: Generating black video placeholder of duration 30.0s at /tmp/placeholders/V1:20:s20_b6.mp4
CRITICAL: Generating silent audio placeholder of duration 30.0s at /tmp/placeholders/A1:1:s1_b1.wav
CRITICAL: Generating silent audio placeholder of duration 30.0s at /tmp/placeholders/A1:1:s1_b2.wav
CRITICAL: Generating silent audio placeholder of duration 30.0s at /tmp/placeholders/A1:1:s1_b3.wav
CRITICAL: Generating silent audio placeholder of duration 30.0s at /tmp/placeholders/A1:1:s1_b4.wav
CRITICAL: Generating silent audio placeholder of duration 30.0s at /tmp/placeholders/A1:1:s1_b5.wav
CRITICAL: Generating silent audio placeholder of duration 30.0s at /tmp/placeholders/A1:1:s1_b6.wav
CRITICAL: Generating silent audio placeholder of duration 30.0s at /tmp/placeholders/A1:2:s2_b1.wav
CRITICAL: Generating silent audio placeholder of duration 30.0s at /tmp/placeholders/A1:2:s2_b2.wav
CRITICAL: Generating silent audio placeholder of duration 30.0s at /tmp/placeholders/A1:2:s2_b3.wav
CRITICAL: Generating silent audio placeholder of duration 30.0s at /tmp/placeholders/A1:2:s2_b4.wav
CRITICAL: Generating silent audio placeholder of duration 30.0s at /tmp/placeholders/A1:2:s2_b5.wav
CRITICAL: Generating silent audio placeholder of duration 30.0s at /tmp/placeholders/A1:2:s2_b6.wav
CRITICAL: Generating silent audio placeholder of duration 30.0s at /tmp/placeholders/A1:3:s3_b1.wav
CRITICAL: Generating silent audio placeholder of duration 30.0s at /tmp/placeholders/A1:3:s3_b2.wav
CRITICAL: Generating silent audio placeholder of duration 30.0s at /tmp/placeholders/A1:3:s3_b3.wav
CRITICAL: Generating silent audio placeholder of duration 30.0s at /tmp/placeholders/A1:3:s3_b4.wav
CRITICAL: Generating silent audio placeholder of duration 30.0s at /tmp/placeholders/A1:3:s3_b5.wav
CRITICAL: Generating silent audio placeholder of duration 30.0s at /tmp/placeholders/A1:3:s3_b6.wav
CRITICAL: Generating silent audio placeholder of duration 30.0s at /tmp/placeholders/A1:4:s4_b1.wav
CRITICAL: Generating silent audio placeholder of duration 30.0s at /tmp/placeholders/A1:4:s4_b2.wav
CRITICAL: Generating silent audio placeholder of duration 30.0s at /tmp/placeholders/A1:4:s4_b3.wav
CRITICAL: Generating silent audio placeholder of duration 30.0s at /tmp/placeholders/A1:4:s4_b4.wav
CRITICAL: Generating silent audio placeholder of duration 30.0s at /tmp/placeholders/A1:4:s4_b5.wav
CRITICAL: Generating silent audio placeholder of duration 30.0s at /tmp/placeholders/A1:4:s4_b6.wav
CRITICAL: Generating silent audio placeholder of duration 30.0s at /tmp/placeholders/A1:5:s5_b1.wav
CRITICAL: Generating silent audio placeholder of duration 30.0s at /tmp/placeholders/A1:5:s5_b2.wav
CRITICAL: Generating silent audio placeholder of duration 30.0s at /tmp/placeholders/A1:5:s5_b3.wav
CRITICAL: Generating silent audio placeholder of duration 30.0s at /tmp/placeholders/A1:5:s5_b4.wav
CRITICAL: Generating silent audio placeholder of duration 30.0s at /tmp/placeholders/A1:5:s5_b5.wav
CRITICAL: Generating silent audio placeholder of duration 30.0s at /tmp/placeholders/A1:5:s5_b6.wav
CRITICAL: Generating silent audio placeholder of duration 30.0s at /tmp/placeholders/A1:6:s6_b1.wav
CRITICAL: Generating silent audio placeholder of duration 30.0s at /tmp/placeholders/A1:6:s6_b2.wav
CRITICAL: Generating silent audio placeholder of duration 30.0s at /tmp/placeholders/A1:6:s6_b3.wav
CRITICAL: Generating silent audio placeholder of duration 30.0s at /tmp/placeholders/A1:6:s6_b4.wav
CRITICAL: Generating silent audio placeholder of duration 30.0s at /tmp/placeholders/A1:6:s6_b5.wav
CRITICAL: Generating silent audio placeholder of duration 30.0s at /tmp/placeholders/A1:6:s6_b6.wav
CRITICAL: Generating silent audio placeholder of duration 30.0s at /tmp/placeholders/A1:7:s7_b1.wav
CRITICAL: Generating silent audio placeholder of duration 30.0s at /tmp/placeholders/A1:7:s7_b2.wav
CRITICAL: Generating silent audio placeholder of duration 30.0s at /tmp/placeholders/A1:7:s7_b3.wav
CRITICAL: Generating silent audio placeholder of duration 30.0s at /tmp/placeholders/A1:7:s7_b4.wav
CRITICAL: Generating silent audio placeholder of duration 30.0s at /tmp/placeholders/A1:7:s7_b5.wav
CRITICAL: Generating silent audio placeholder of duration 30.0s at /tmp/placeholders/A1:7:s7_b6.wav
CRITICAL: Generating silent audio placeholder of duration 30.0s at /tmp/placeholders/A1:8:s8_b1.wav
CRITICAL: Generating silent audio placeholder of duration 30.0s at /tmp/placeholders/A1:8:s8_b2.wav
CRITICAL: Generating silent audio placeholder of duration 30.0s at /tmp/placeholders/A1:8:s8_b3.wav
CRITICAL: Generating silent audio placeholder of duration 30.0s at /tmp/placeholders/A1:8:s8_b4.wav
CRITICAL: Generating silent audio placeholder of duration 30.0s at /tmp/placeholders/A1:8:s8_b5.wav
CRITICAL: Generating silent audio placeholder of duration 30.0s at /tmp/placeholders/A1:8:s8_b6.wav
CRITICAL: Generating silent audio placeholder of duration 30.0s at /tmp/placeholders/A1:9:s9_b1.wav
CRITICAL: Generating silent audio placeholder of duration 30.0s at /tmp/placeholders/A1:9:s9_b2.wav
CRITICAL: Generating silent audio placeholder of duration 30.0s at /tmp/placeholders/A1:9:s9_b3.wav
CRITICAL: Generating silent audio placeholder of duration 30.0s at /tmp/placeholders/A1:9:s9_b4.wav
CRITICAL: Generating silent audio placeholder of duration 30.0s at /tmp/placeholders/A1:9:s9_b5.wav
CRITICAL: Generating silent audio placeholder of duration 30.0s at /tmp/placeholders/A1:9:s9_b6.wav
CRITICAL: Generating silent audio placeholder of duration 30.0s at /tmp/placeholders/A1:10:s10_b1.wav
CRITICAL: Generating silent audio placeholder of duration 30.0s at /tmp/placeholders/A1:10:s10_b2.wav
CRITICAL: Generating silent audio placeholder of duration 30.0s at /tmp/placeholders/A1:10:s10_b3.wav
CRITICAL: Generating silent audio placeholder of duration 30.0s at /tmp/placeholders/A1:10:s10_b4.wav
CRITICAL: Generating silent audio placeholder of duration 30.0s at /tmp/placeholders/A1:10:s10_b5.wav
CRITICAL: Generating silent audio placeholder of duration 30.0s at /tmp/placeholders/A1:10:s10_b6.wav
CRITICAL: Generating silent audio placeholder of duration 30.0s at /tmp/placeholders/A1:11:s11_b1.wav
CRITICAL: Generating silent audio placeholder of duration 30.0s at /tmp/placeholders/A1:11:s11_b2.wav
CRITICAL: Generating silent audio placeholder of duration 30.0s at /tmp/placeholders/A1:11:s11_b3.wav
CRITICAL: Generating silent audio placeholder of duration 30.0s at /tmp/placeholders/A1:11:s11_b4.wav
CRITICAL: Generating silent audio placeholder of duration 30.0s at /tmp/placeholders/A1:11:s11_b5.wav
CRITICAL: Generating silent audio placeholder of duration 30.0s at /tmp/placeholders/A1:11:s11_b6.wav
CRITICAL: Generating silent audio placeholder of duration 30.0s at /tmp/placeholders/A1:12:s12_b1.wav
CRITICAL: Generating silent audio placeholder of duration 30.0s at /tmp/placeholders/A1:12:s12_b2.wav
CRITICAL: Generating silent audio placeholder of duration 30.0s at /tmp/placeholders/A1:12:s12_b3.wav
CRITICAL: Generating silent audio placeholder of duration 30.0s at /tmp/placeholders/A1:12:s12_b4.wav
CRITICAL: Generating silent audio placeholder of duration 30.0s at /tmp/placeholders/A1:12:s12_b5.wav
CRITICAL: Generating silent audio placeholder of duration 30.0s at /tmp/placeholders/A1:12:s12_b6.wav
CRITICAL: Generating silent audio placeholder of duration 30.0s at /tmp/placeholders/A1:13:s13_b1.wav
CRITICAL: Generating silent audio placeholder of duration 30.0s at /tmp/placeholders/A1:13:s13_b2.wav
CRITICAL: Generating silent audio placeholder of duration 30.0s at /tmp/placeholders/A1:13:s13_b3.wav
CRITICAL: Generating silent audio placeholder of duration 30.0s at /tmp/placeholders/A1:13:s13_b4.wav
CRITICAL: Generating silent audio placeholder of duration 30.0s at /tmp/placeholders/A1:13:s13_b5.wav
CRITICAL: Generating silent audio placeholder of duration 30.0s at /tmp/placeholders/A1:13:s13_b6.wav
CRITICAL: Generating silent audio placeholder of duration 30.0s at /tmp/placeholders/A1:14:s14_b1.wav
CRITICAL: Generating silent audio placeholder of duration 30.0s at /tmp/placeholders/A1:14:s14_b2.wav
CRITICAL: Generating silent audio placeholder of duration 30.0s at /tmp/placeholders/A1:14:s14_b3.wav
CRITICAL: Generating silent audio placeholder of duration 30.0s at /tmp/placeholders/A1:14:s14_b4.wav
CRITICAL: Generating silent audio placeholder of duration 30.0s at /tmp/placeholders/A1:14:s14_b5.wav
CRITICAL: Generating silent audio placeholder of duration 30.0s at /tmp/placeholders/A1:14:s14_b6.wav
CRITICAL: Generating silent audio placeholder of duration 30.0s at /tmp/placeholders/A1:15:s15_b1.wav
CRITICAL: Generating silent audio placeholder of duration 30.0s at /tmp/placeholders/A1:15:s15_b2.wav
CRITICAL: Generating silent audio placeholder of duration 30.0s at /tmp/placeholders/A1:15:s15_b3.wav
CRITICAL: Generating silent audio placeholder of duration 30.0s at /tmp/placeholders/A1:15:s15_b4.wav
CRITICAL: Generating silent audio placeholder of duration 30.0s at /tmp/placeholders/A1:15:s15_b5.wav
CRITICAL: Generating silent audio placeholder of duration 30.0s at /tmp/placeholders/A1:15:s15_b6.wav
CRITICAL: Generating silent audio placeholder of duration 30.0s at /tmp/placeholders/A1:16:s16_b1.wav
CRITICAL: Generating silent audio placeholder of duration 30.0s at /tmp/placeholders/A1:16:s16_b2.wav
CRITICAL: Generating silent audio placeholder of duration 30.0s at /tmp/placeholders/A1:16:s16_b3.wav
CRITICAL: Generating silent audio placeholder of duration 30.0s at /tmp/placeholders/A1:16:s16_b4.wav
CRITICAL: Generating silent audio placeholder of duration 30.0s at /tmp/placeholders/A1:16:s16_b5.wav
CRITICAL: Generating silent audio placeholder of duration 30.0s at /tmp/placeholders/A1:16:s16_b6.wav
CRITICAL: Generating silent audio placeholder of duration 30.0s at /tmp/placeholders/A1:17:s17_b1.wav
CRITICAL: Generating silent audio placeholder of duration 30.0s at /tmp/placeholders/A1:17:s17_b2.wav
CRITICAL: Generating silent audio placeholder of duration 30.0s at /tmp/placeholders/A1:17:s17_b3.wav
CRITICAL: Generating silent audio placeholder of duration 30.0s at /tmp/placeholders/A1:17:s17_b4.wav
CRITICAL: Generating silent audio placeholder of duration 30.0s at /tmp/placeholders/A1:17:s17_b5.wav
CRITICAL: Generating silent audio placeholder of duration 30.0s at /tmp/placeholders/A1:17:s17_b6.wav
CRITICAL: Generating silent audio placeholder of duration 30.0s at /tmp/placeholders/A1:18:s18_b1.wav
CRITICAL: Generating silent audio placeholder of duration 30.0s at /tmp/placeholders/A1:18:s18_b2.wav
CRITICAL: Generating silent audio placeholder of duration 30.0s at /tmp/placeholders/A1:18:s18_b3.wav
CRITICAL: Generating silent audio placeholder of duration 30.0s at /tmp/placeholders/A1:18:s18_b4.wav
CRITICAL: Generating silent audio placeholder of duration 30.0s at /tmp/placeholders/A1:18:s18_b5.wav
CRITICAL: Generating silent audio placeholder of duration 30.0s at /tmp/placeholders/A1:18:s18_b6.wav
CRITICAL: Generating silent audio placeholder of duration 30.0s at /tmp/placeholders/A1:19:s19_b1.wav
CRITICAL: Generating silent audio placeholder of duration 30.0s at /tmp/placeholders/A1:19:s19_b2.wav
CRITICAL: Generating silent audio placeholder of duration 30.0s at /tmp/placeholders/A1:19:s19_b3.wav
CRITICAL: Generating silent audio placeholder of duration 30.0s at /tmp/placeholders/A1:19:s19_b4.wav
CRITICAL: Generating silent audio placeholder of duration 30.0s at /tmp/placeholders/A1:19:s19_b5.wav
CRITICAL: Generating silent audio placeholder of duration 30.0s at /tmp/placeholders/A1:19:s19_b6.wav
CRITICAL: Generating silent audio placeholder of duration 30.0s at /tmp/placeholders/A1:20:s20_b1.wav
CRITICAL: Generating silent audio placeholder of duration 30.0s at /tmp/placeholders/A1:20:s20_b2.wav
CRITICAL: Generating silent audio placeholder of duration 30.0s at /tmp/placeholders/A1:20:s20_b3.wav
CRITICAL: Generating silent audio placeholder of duration 30.0s at /tmp/placeholders/A1:20:s20_b4.wav
CRITICAL: Generating silent audio placeholder of duration 30.0s at /tmp/placeholders/A1:20:s20_b5.wav
CRITICAL: Generating silent audio placeholder of duration 30.0s at /tmp/placeholders/A1:20:s20_b6.wav
